// Jest Snapshot v1, https://goo.gl/fbAQLP

exports[`pages/BookDetails should match snapshot 1`] = `
<RCTScrollView
  style={
    Array [
      Object {
        "backgroundColor": "#ffffff",
        "flexBasis": 0,
        "flexGrow": 1,
        "flexShrink": 1,
        "paddingBottom": 0,
        "paddingLeft": 40,
        "paddingRight": 40,
        "paddingTop": 0,
      },
    ]
  }
>
  <View>
    <Image
      resizeMode="cover"
      source={
        Object {
          "uri": "https://files-books.ioasys.com.br/Book-0.jpg",
        }
      }
      style={
        Array [
          Object {
            "alignSelf": "center",
            "height": 351,
            "marginBottom": 12,
            "marginLeft": 0,
            "marginRight": 0,
            "marginTop": 12,
            "width": 240,
          },
        ]
      }
      testID="bookDetailsImage"
    />
    <Text
      style={
        Array [
          Object {
            "color": "#333333",
            "fontSize": 28,
            "fontWeight": "bold",
            "marginTop": 12,
          },
        ]
      }
      testID="bookDetailsTitle"
    >
      A Culpa é das Estrelas
    </Text>
    <Text
      style={
        Array [
          Object {
            "color": "#B22E6F",
            "fontSize": 12,
            "marginBottom": 24,
          },
        ]
      }
      testID="bookDetailsAuthors"
    >
      Jonh Green
    </Text>
    <View
      style={
        Array [
          Object {
            "marginBottom": 8,
            "marginTop": 8,
          },
        ]
      }
    >
      <Text
        style={
          Array [
            Object {
              "color": "#333333",
              "fontSize": 12,
              "fontWeight": "bold",
              "lineHeight": 20,
              "marginBottom": 16,
            },
          ]
        }
      >
        INFORMAÇÕES
      </Text>
      <View
        style={
          Array [
            Object {
              "alignItems": "center",
              "flexDirection": "row",
              "justifyContent": "space-between",
            },
          ]
        }
      >
        <Text
          isBold={true}
          style={
            Array [
              Object {
                "color": "#333333",
                "fontWeight": "bold",
              },
            ]
          }
          testID="bookInfoName"
        >
          Páginas
        </Text>
        <Text
          isBold={false}
          style={
            Array [
              Object {
                "color": "#999999",
                "fontWeight": "normal",
              },
            ]
          }
          testID="bookInfoValue"
        >
          288 Páginas
        </Text>
      </View>
      <View
        style={
          Array [
            Object {
              "alignItems": "center",
              "flexDirection": "row",
              "justifyContent": "space-between",
            },
          ]
        }
      >
        <Text
          isBold={true}
          style={
            Array [
              Object {
                "color": "#333333",
                "fontWeight": "bold",
              },
            ]
          }
          testID="bookInfoName"
        >
          Editora
        </Text>
        <Text
          isBold={false}
          style={
            Array [
              Object {
                "color": "#999999",
                "fontWeight": "normal",
              },
            ]
          }
          testID="bookInfoValue"
        >
          Intrínseca
        </Text>
      </View>
      <View
        style={
          Array [
            Object {
              "alignItems": "center",
              "flexDirection": "row",
              "justifyContent": "space-between",
            },
          ]
        }
      >
        <Text
          isBold={true}
          style={
            Array [
              Object {
                "color": "#333333",
                "fontWeight": "bold",
              },
            ]
          }
          testID="bookInfoName"
        >
          Publicação
        </Text>
        <Text
          isBold={false}
          style={
            Array [
              Object {
                "color": "#999999",
                "fontWeight": "normal",
              },
            ]
          }
          testID="bookInfoValue"
        >
          2002
        </Text>
      </View>
      <View
        style={
          Array [
            Object {
              "alignItems": "center",
              "flexDirection": "row",
              "justifyContent": "space-between",
            },
          ]
        }
      >
        <Text
          isBold={true}
          style={
            Array [
              Object {
                "color": "#333333",
                "fontWeight": "bold",
              },
            ]
          }
          testID="bookInfoName"
        >
          Idioma
        </Text>
        <Text
          isBold={false}
          style={
            Array [
              Object {
                "color": "#999999",
                "fontWeight": "normal",
              },
            ]
          }
          testID="bookInfoValue"
        >
          Inglês
        </Text>
      </View>
      <View
        style={
          Array [
            Object {
              "alignItems": "center",
              "flexDirection": "row",
              "justifyContent": "space-between",
            },
          ]
        }
      >
        <Text
          isBold={true}
          style={
            Array [
              Object {
                "color": "#333333",
                "fontWeight": "bold",
              },
            ]
          }
          testID="bookInfoName"
        >
          Título Original
        </Text>
        <Text
          isBold={false}
          style={
            Array [
              Object {
                "color": "#999999",
                "fontWeight": "normal",
              },
            ]
          }
          testID="bookInfoValue"
        >
          A Culpa é das Estrelas
        </Text>
      </View>
      <View
        style={
          Array [
            Object {
              "alignItems": "center",
              "flexDirection": "row",
              "justifyContent": "space-between",
            },
          ]
        }
      >
        <Text
          isBold={true}
          style={
            Array [
              Object {
                "color": "#333333",
                "fontWeight": "bold",
              },
            ]
          }
          testID="bookInfoName"
        >
          ISBN-10
        </Text>
        <Text
          isBold={false}
          style={
            Array [
              Object {
                "color": "#999999",
                "fontWeight": "normal",
              },
            ]
          }
          testID="bookInfoValue"
        >
          0062856626
        </Text>
      </View>
      <View
        style={
          Array [
            Object {
              "alignItems": "center",
              "flexDirection": "row",
              "justifyContent": "space-between",
            },
          ]
        }
      >
        <Text
          isBold={true}
          style={
            Array [
              Object {
                "color": "#333333",
                "fontWeight": "bold",
              },
            ]
          }
          testID="bookInfoName"
        >
          ISBN-13
        </Text>
        <Text
          isBold={false}
          style={
            Array [
              Object {
                "color": "#999999",
                "fontWeight": "normal",
              },
            ]
          }
          testID="bookInfoValue"
        >
          978-0062856623
        </Text>
      </View>
      <View
        style={
          Array [
            Object {
              "alignItems": "center",
              "flexDirection": "row",
              "justifyContent": "space-between",
            },
          ]
        }
      >
        <Text
          isBold={true}
          style={
            Array [
              Object {
                "color": "#333333",
                "fontWeight": "bold",
              },
            ]
          }
          testID="bookInfoName"
        >
          Categoria
        </Text>
        <Text
          isBold={false}
          style={
            Array [
              Object {
                "color": "#999999",
                "fontWeight": "normal",
              },
            ]
          }
          testID="bookInfoValue"
        >
          Romance
        </Text>
      </View>
    </View>
    <View
      marginBottom="42px"
      style={
        Array [
          Object {
            "marginBottom": 42,
            "marginTop": 8,
          },
        ]
      }
    >
      <Text
        style={
          Array [
            Object {
              "color": "#333333",
              "fontSize": 12,
              "fontWeight": "bold",
              "lineHeight": 20,
              "marginBottom": 16,
            },
          ]
        }
      >
        RESENHA DA EDITORA
      </Text>
      <Text
        style={
          Array [
            Object {
              "color": "#999999",
              "fontSize": 12,
              "lineHeight": 20,
            },
          ]
        }
        testID="bookDetailsReview"
      >
        Hazel foi diagnosticada com câncer aos treze anos e agora, aos dezesseis, sobrevive graças a uma droga revolucionária que detém a metástase em seus pulmões. Ela sabe que sua doença é terminal e passa os dias vendo tevê e lendo Uma aflição imperial, livro cujo autor deixou muitas perguntas sem resposta. 
      </Text>
    </View>
  </View>
</RCTScrollView>
`;
