// Jest Snapshot v1, https://goo.gl/fbAQLP

exports[`pages/BookDetails should match snapshot 1`] = `
<RCTScrollView
  style={
    Array [
      Object {
        "backgroundColor": "#ffffff",
        "flexBasis": 0,
        "flexGrow": 1,
        "flexShrink": 1,
        "paddingBottom": 0,
        "paddingLeft": 40,
        "paddingRight": 40,
        "paddingTop": 0,
      },
    ]
  }
>
  <View />
</RCTScrollView>
`;
