// Jest Snapshot v1, https://goo.gl/fbAQLP

exports[`Books/components/BooksHeader should match snapshot 1`] = `
<View
  style={
    Array [
      Object {
        "alignItems": "center",
        "backgroundColor": "#e5e5e5",
        "flexDirection": "row",
        "justifyContent": "space-between",
        "paddingBottom": 0,
        "paddingLeft": 16,
        "paddingRight": 16,
        "paddingTop": 40,
      },
    ]
  }
>
  <View
    noMargin={true}
    noPadding={true}
    style={
      Array [
        Object {
          "alignItems": "center",
          "flexDirection": "row",
          "marginBottom": 0,
          "paddingTop": 0,
        },
      ]
    }
  >
    <Image
      source={
        Object {
          "testUri": "../../../src/components/HeaderTitle/assets/logo-dark.png",
        }
      }
      style={
        Array [
          Object {},
        ]
      }
    />
    <Text
      color="dark"
      style={
        Array [
          Object {
            "color": "#333333",
            "fontSize": 28,
            "marginLeft": 16,
          },
        ]
      }
      testID="headerTitle"
    >
      Books
    </Text>
  </View>
  <View
    accessible={true}
    collapsable={false}
    focusable={true}
    nativeID="animatedComponent"
    onClick={[Function]}
    onResponderGrant={[Function]}
    onResponderMove={[Function]}
    onResponderRelease={[Function]}
    onResponderTerminate={[Function]}
    onResponderTerminationRequest={[Function]}
    onStartShouldSetResponder={[Function]}
    style={
      Object {
        "borderColor": "#33333333",
        "borderRadius": 100,
        "borderStyle": "solid",
        "borderWidth": 1,
        "opacity": 1,
        "paddingBottom": 9,
        "paddingLeft": 9,
        "paddingRight": 9,
        "paddingTop": 9,
      }
    }
    testID="logoutButton"
  >
    <Text>
      Icon
    </Text>
  </View>
</View>
`;
